// Jest Snapshot v1, https://goo.gl/fbAQLP

exports[`Campaign renders correctly 1`] = `
<Fragment>
  <div
    className="flex flex-col bg-purple-100 w-full p-8 flex justify-center items-center"
  >
    <div
      className="text-2xl text-white text-indigo-800"
    >
      footitle
    </div>
    <div
      className="text-md text-purple-400"
    >
      Created by 
      foocreator
    </div>
  </div>
  <div
    className="flex flex-auto flex-wrap justify-center h-auto"
  >
    <div
      alt="footitle"
      className="h-64 sm:h-64 md:h-64 lg:h-auto w-full sm:w-full md:w-full lg:w-1/2 bg-cover rounded-br-lg text-center overflow-hidden"
      style={
        Object {
          "backgroundImage": "url(http://localhost:4000/images/fooimage)",
          "backgroundPosition": "center",
        }
      }
    />
    <div
      className="h-auto flex flex-col justify-between md:w-full lg:w-1/2 py-4 px-8"
    >
      <FundedBar
        className="w-full text-2xl"
        funds={25}
        goal={100}
      />
      <div
        className="text-lg text-gray-700 flex justify-between"
      >
        <span
          className="text-purple-900"
        >
          $25
        </span>
        <span>
          $
          100
        </span>
      </div>
      <p
        className="my-10 lg:mb-16"
      >
        foodescription
      </p>
      <div
        className="md: mb-16 my-4"
      >
        <div
          className="mb-2 text-gray-700"
        >
          Backed by:
        </div>
        <Backers
          backers={
            Array [
              Object {
                "avatar": "fooavatar",
                "id": "foo",
                "name": "fooname",
              },
              Object {
                "avatar": "baravatar",
                "id": "bar",
                "name": "barname",
              },
            ]
          }
          size={12}
        />
      </div>
      <FundFormMutation
        campaignId="foo"
      />
    </div>
  </div>
</Fragment>
`;
