// Jest Snapshot v1, https://goo.gl/fbAQLP

exports[`renders correctly 1`] = `
<div
  className="flex flex-col"
>
  <div
    className="flex h-64 flex-grow px-2 mb-2"
  >
    <div
      className="w-1/6 bg-gray-100"
    />
    <div
      className="bg-gray-100 mx-4 w-5/6"
    />
  </div>
  <div
    className="flex h-64 flex-grow px-2 mb-2"
  >
    <div
      className="w-1/2 bg-gray-100"
    />
    <div
      className="bg-gray-100 mx-6 w-1/2"
    />
  </div>
  <div
    className="flex h-64 flex-grow px-2 mb-2"
  >
    <div
      className="w-1/2 bg-gray-100"
    />
    <div
      className="bg-gray-100 mx-6 w-1/2"
    />
  </div>
</div>
`;
